2026/03/02 12:42:13 [emerg] 1#1: unexpected ";" in /etc/nginx/conf.d/school.conf:37
2026/03/02 12:46:03 [emerg] 1#1: unexpected ";" in /etc/nginx/conf.d/school.conf:37
2026/03/02 13:00:46 [emerg] 1#1: unexpected ";" in /etc/nginx/conf.d/school.conf:37
2026/03/02 13:07:13 [notice] 1#1: using the "epoll" event method
2026/03/02 13:07:13 [notice] 1#1: nginx/1.29.3
2026/03/02 13:07:13 [notice] 1#1: built by gcc 14.2.0 (Debian 14.2.0-19) 
2026/03/02 13:07:13 [notice] 1#1: OS: Linux 6.6.87.2-microsoft-standard-WSL2
2026/03/02 13:07:13 [notice] 1#1: getrlimit(RLIMIT_NOFILE): 1048576:1048576
2026/03/02 13:07:13 [notice] 1#1: start worker processes
2026/03/02 13:07:13 [notice] 1#1: start worker process 20
2026/03/02 13:07:13 [notice] 1#1: start worker process 21
2026/03/02 13:07:13 [notice] 1#1: start worker process 22
2026/03/02 13:07:13 [notice] 1#1: start worker process 23
2026/03/02 13:07:13 [notice] 1#1: start worker process 24
2026/03/02 13:07:13 [notice] 1#1: start worker process 25
2026/03/02 13:07:13 [notice] 1#1: start worker process 26
2026/03/02 13:07:13 [notice] 1#1: start worker process 27
2026/03/02 13:07:13 [notice] 1#1: start worker process 28
2026/03/02 13:07:13 [notice] 1#1: start worker process 29
2026/03/02 13:07:13 [notice] 1#1: start worker process 30
2026/03/02 13:07:13 [notice] 1#1: start worker process 31
2026/03/02 13:07:13 [notice] 1#1: start worker process 32
2026/03/02 13:07:13 [notice] 1#1: start worker process 33
2026/03/02 13:07:13 [notice] 1#1: start worker process 34
2026/03/02 13:07:13 [notice] 1#1: start worker process 35
